<?xml version='1.0' encoding='utf-8' ?>

<results>
  <test name='D:\dev\data-dev\tableau-tests\tdvt\logicaltests/staples\setup.Query.Filter_MAX.postgres91.xml'>
    <table>
      <schema>
        <column>[Staples.postgres91].[Customer Name]</column>
        <column>[Staples.postgres91].[max:Customer Balance:ok]</column>
      </schema>
      <tuple>
        <value>&quot;Barbara Fisher&quot;</value>
        <value>8082.0</value>
      </tuple>
      <tuple>
        <value>&quot;Ellis Ballard&quot;</value>
        <value>8878.0</value>
      </tuple>
      <tuple>
        <value>&quot;Grace Kelly&quot;</value>
        <value>8999.0</value>
      </tuple>
      <tuple>
        <value>&quot;Hallie Redmond&quot;</value>
        <value>7915.0</value>
      </tuple>
      <tuple>
        <value>&quot;Herbert Flentye&quot;</value>
        <value>8157.0</value>
      </tuple>
      <tuple>
        <value>&quot;Jane Waco&quot;</value>
        <value>8922.0</value>
      </tuple>
      <tuple>
        <value>&quot;Jennifer Patt&quot;</value>
        <value>8606.0</value>
      </tuple>
      <tuple>
        <value>&quot;Maxwell Schwartz&quot;</value>
        <value>8227.0</value>
      </tuple>
      <tuple>
        <value>&quot;Meg Tillman-Sachs&quot;</value>
        <value>8915.0</value>
      </tuple>
      <tuple>
        <value>&quot;Noel Staavos&quot;</value>
        <value>7055.0</value>
      </tuple>
      <tuple>
        <value>&quot;Peter McVee&quot;</value>
        <value>8438.0</value>
      </tuple>
      <tuple>
        <value>&quot;Pierre Wener&quot;</value>
        <value>8483.0</value>
      </tuple>
      <tuple>
        <value>&quot;Quincy Jones&quot;</value>
        <value>8396.0</value>
      </tuple>
      <tuple>
        <value>&quot;Rose O&apos;Brian-Murray&quot;</value>
        <value>7618.0</value>
      </tuple>
      <tuple>
        <value>&quot;Seth Vernon&quot;</value>
        <value>8031.0</value>
      </tuple>
      <tuple>
        <value>&quot;Shui Tom&quot;</value>
        <value>8177.0</value>
      </tuple>
      <tuple>
        <value>&quot;Steven Roelle&quot;</value>
        <value>7557.0</value>
      </tuple>
      <tuple>
        <value>&quot;Suzanne McNair&quot;</value>
        <value>8667.0</value>
      </tuple>
      <tuple>
        <value>&quot;Tracy Zic&quot;</value>
        <value>7009.0</value>
      </tuple>
    </table>
  </test>
</results>
