<?xml version='1.0' encoding='utf-8' ?>

<results>
  <test name='D:\dev\data-dev\tableau-tests\tdvt\logicaltests/staples\setup.Query.Filter_SUM.postgres91.xml'>
    <table>
      <schema>
        <column>[Staples.postgres91].[Customer Name]</column>
        <column>[Staples.postgres91].[sum:Customer Balance:ok]</column>
      </schema>
      <tuple>
        <value>&quot;Dario Medina&quot;</value>
        <value>2061846.0</value>
      </tuple>
      <tuple>
        <value>&quot;Dave Hallsten&quot;</value>
        <value>1648480.0</value>
      </tuple>
      <tuple>
        <value>&quot;Debra Catini-Entman&quot;</value>
        <value>2264258.0</value>
      </tuple>
      <tuple>
        <value>&quot;Jack O&apos;Briant&quot;</value>
        <value>1836645.0</value>
      </tuple>
      <tuple>
        <value>&quot;Jas O&apos;Carroll&quot;</value>
        <value>2230480.0</value>
      </tuple>
      <tuple>
        <value>&quot;Joseph Airdo&quot;</value>
        <value>1306316.0</value>
      </tuple>
      <tuple>
        <value>&quot;Mathew Reese&quot;</value>
        <value>2308376.0</value>
      </tuple>
      <tuple>
        <value>&quot;Meg O&apos;Connel&quot;</value>
        <value>2135079.0</value>
      </tuple>
      <tuple>
        <value>&quot;Michael Moore&quot;</value>
        <value>2196434.0</value>
      </tuple>
      <tuple>
        <value>&quot;Peter McVee&quot;</value>
        <value>1849223.0</value>
      </tuple>
      <tuple>
        <value>&quot;Rose O&apos;Brian-Murray&quot;</value>
        <value>2096054.0</value>
      </tuple>
      <tuple>
        <value>&quot;Sheri Gordon&quot;</value>
        <value>1730350.0</value>
      </tuple>
      <tuple>
        <value>&quot;Steven Roelle&quot;</value>
        <value>1677618.0</value>
      </tuple>
      <tuple>
        <value>&quot;Sue Ann Reed-Freeman&quot;</value>
        <value>1891937.0</value>
      </tuple>
      <tuple>
        <value>&quot;Tonja Turnell&quot;</value>
        <value>2380589.0</value>
      </tuple>
      <tuple>
        <value>&quot;Tracy Zic&quot;</value>
        <value>2143477.0</value>
      </tuple>
    </table>
  </test>
</results>
