<?xml version='1.0' encoding='utf-8' ?>

<results>
  <test name='e:\tdvt\tdvt\tdvt\logicaltests\setup\staples\setup.BUGS.B8888.testv1_.xml'>
    <table>
      <schema>
        <column>[Staples.hadoophive_cloudera].[Week #]</column>
        <column>[Staples.hadoophive_cloudera].[ctd:Order Date:ok]</column>
        <column>[Staples.hadoophive_cloudera].[yr:Order Date:ok]</column>
      </schema>
      <tuple>
        <value>1</value>
        <value>1</value>
        <value>1998</value>
      </tuple>
      <tuple>
        <value>1</value>
        <value>2</value>
        <value>2003</value>
      </tuple>
      <tuple>
        <value>1</value>
        <value>3</value>
        <value>2002</value>
      </tuple>
      <tuple>
        <value>1</value>
        <value>4</value>
        <value>2001</value>
      </tuple>
      <tuple>
        <value>1</value>
        <value>6</value>
        <value>2000</value>
      </tuple>
      <tuple>
        <value>1</value>
        <value>7</value>
        <value>1999</value>
      </tuple>
      <tuple>
        <value>2</value>
        <value>7</value>
        <value>1998</value>
      </tuple>
      <tuple>
        <value>2</value>
        <value>7</value>
        <value>1999</value>
      </tuple>
      <tuple>
        <value>2</value>
        <value>7</value>
        <value>2000</value>
      </tuple>
      <tuple>
        <value>2</value>
        <value>7</value>
        <value>2001</value>
      </tuple>
      <tuple>
        <value>2</value>
        <value>7</value>
        <value>2002</value>
      </tuple>
      <tuple>
        <value>2</value>
        <value>7</value>
        <value>2003</value>
      </tuple>
      <tuple>
        <value>3</value>
        <value>7</value>
        <value>1998</value>
      </tuple>
      <tuple>
        <value>3</value>
        <value>7</value>
        <value>1999</value>
      </tuple>
      <tuple>
        <value>3</value>
        <value>7</value>
        <value>2000</value>
      </tuple>
      <tuple>
        <value>3</value>
        <value>7</value>
        <value>2001</value>
      </tuple>
      <tuple>
        <value>3</value>
        <value>7</value>
        <value>2002</value>
      </tuple>
      <tuple>
        <value>3</value>
        <value>7</value>
        <value>2003</value>
      </tuple>
      <tuple>
        <value>4</value>
        <value>7</value>
        <value>1998</value>
      </tuple>
      <tuple>
        <value>4</value>
        <value>7</value>
        <value>1999</value>
      </tuple>
      <tuple>
        <value>4</value>
        <value>7</value>
        <value>2000</value>
      </tuple>
      <tuple>
        <value>4</value>
        <value>7</value>
        <value>2001</value>
      </tuple>
      <tuple>
        <value>4</value>
        <value>7</value>
        <value>2002</value>
      </tuple>
      <tuple>
        <value>4</value>
        <value>7</value>
        <value>2003</value>
      </tuple>
      <tuple>
        <value>5</value>
        <value>7</value>
        <value>1998</value>
      </tuple>
      <tuple>
        <value>5</value>
        <value>7</value>
        <value>1999</value>
      </tuple>
      <tuple>
        <value>5</value>
        <value>7</value>
        <value>2000</value>
      </tuple>
      <tuple>
        <value>5</value>
        <value>7</value>
        <value>2001</value>
      </tuple>
      <tuple>
        <value>5</value>
        <value>7</value>
        <value>2002</value>
      </tuple>
      <tuple>
        <value>5</value>
        <value>7</value>
        <value>2003</value>
      </tuple>
      <tuple>
        <value>6</value>
        <value>7</value>
        <value>1998</value>
      </tuple>
      <tuple>
        <value>6</value>
        <value>7</value>
        <value>2003</value>
      </tuple>
      <tuple>
        <value>6</value>
        <value>8</value>
        <value>1999</value>
      </tuple>
      <tuple>
        <value>6</value>
        <value>8</value>
        <value>2000</value>
      </tuple>
      <tuple>
        <value>6</value>
        <value>8</value>
        <value>2001</value>
      </tuple>
      <tuple>
        <value>6</value>
        <value>8</value>
        <value>2002</value>
      </tuple>
      <tuple>
        <value>7</value>
        <value>7</value>
        <value>1999</value>
      </tuple>
      <tuple>
        <value>7</value>
        <value>7</value>
        <value>2000</value>
      </tuple>
      <tuple>
        <value>7</value>
        <value>7</value>
        <value>2001</value>
      </tuple>
      <tuple>
        <value>7</value>
        <value>7</value>
        <value>2002</value>
      </tuple>
      <tuple>
        <value>7</value>
        <value>8</value>
        <value>1998</value>
      </tuple>
      <tuple>
        <value>7</value>
        <value>8</value>
        <value>2003</value>
      </tuple>
      <tuple>
        <value>8</value>
        <value>7</value>
        <value>1998</value>
      </tuple>
      <tuple>
        <value>8</value>
        <value>7</value>
        <value>1999</value>
      </tuple>
      <tuple>
        <value>8</value>
        <value>7</value>
        <value>2000</value>
      </tuple>
      <tuple>
        <value>8</value>
        <value>7</value>
        <value>2001</value>
      </tuple>
      <tuple>
        <value>8</value>
        <value>7</value>
        <value>2002</value>
      </tuple>
      <tuple>
        <value>8</value>
        <value>7</value>
        <value>2003</value>
      </tuple>
      <tuple>
        <value>9</value>
        <value>7</value>
        <value>1998</value>
      </tuple>
      <tuple>
        <value>9</value>
        <value>7</value>
        <value>1999</value>
      </tuple>
      <tuple>
        <value>9</value>
        <value>7</value>
        <value>2000</value>
      </tuple>
      <tuple>
        <value>9</value>
        <value>7</value>
        <value>2001</value>
      </tuple>
      <tuple>
        <value>9</value>
        <value>7</value>
        <value>2002</value>
      </tuple>
      <tuple>
        <value>9</value>
        <value>7</value>
        <value>2003</value>
      </tuple>
      <tuple>
        <value>10</value>
        <value>7</value>
        <value>1998</value>
      </tuple>
      <tuple>
        <value>10</value>
        <value>7</value>
        <value>1999</value>
      </tuple>
      <tuple>
        <value>10</value>
        <value>7</value>
        <value>2000</value>
      </tuple>
      <tuple>
        <value>10</value>
        <value>7</value>
        <value>2001</value>
      </tuple>
      <tuple>
        <value>10</value>
        <value>7</value>
        <value>2002</value>
      </tuple>
      <tuple>
        <value>10</value>
        <value>7</value>
        <value>2003</value>
      </tuple>
      <tuple>
        <value>11</value>
        <value>7</value>
        <value>1998</value>
      </tuple>
      <tuple>
        <value>11</value>
        <value>7</value>
        <value>1999</value>
      </tuple>
      <tuple>
        <value>11</value>
        <value>7</value>
        <value>2000</value>
      </tuple>
      <tuple>
        <value>11</value>
        <value>7</value>
        <value>2001</value>
      </tuple>
      <tuple>
        <value>11</value>
        <value>7</value>
        <value>2002</value>
      </tuple>
      <tuple>
        <value>11</value>
        <value>7</value>
        <value>2003</value>
      </tuple>
      <tuple>
        <value>12</value>
        <value>7</value>
        <value>1998</value>
      </tuple>
      <tuple>
        <value>12</value>
        <value>7</value>
        <value>1999</value>
      </tuple>
      <tuple>
        <value>12</value>
        <value>7</value>
        <value>2000</value>
      </tuple>
      <tuple>
        <value>12</value>
        <value>7</value>
        <value>2001</value>
      </tuple>
      <tuple>
        <value>12</value>
        <value>7</value>
        <value>2002</value>
      </tuple>
      <tuple>
        <value>12</value>
        <value>7</value>
        <value>2003</value>
      </tuple>
      <tuple>
        <value>13</value>
        <value>7</value>
        <value>1998</value>
      </tuple>
      <tuple>
        <value>13</value>
        <value>7</value>
        <value>1999</value>
      </tuple>
      <tuple>
        <value>13</value>
        <value>7</value>
        <value>2000</value>
      </tuple>
      <tuple>
        <value>13</value>
        <value>7</value>
        <value>2001</value>
      </tuple>
      <tuple>
        <value>13</value>
        <value>7</value>
        <value>2002</value>
      </tuple>
      <tuple>
        <value>13</value>
        <value>7</value>
        <value>2003</value>
      </tuple>
      <tuple>
        <value>14</value>
        <value>7</value>
        <value>1998</value>
      </tuple>
      <tuple>
        <value>14</value>
        <value>7</value>
        <value>1999</value>
      </tuple>
      <tuple>
        <value>14</value>
        <value>7</value>
        <value>2000</value>
      </tuple>
      <tuple>
        <value>14</value>
        <value>7</value>
        <value>2001</value>
      </tuple>
      <tuple>
        <value>14</value>
        <value>7</value>
        <value>2002</value>
      </tuple>
      <tuple>
        <value>14</value>
        <value>7</value>
        <value>2003</value>
      </tuple>
      <tuple>
        <value>15</value>
        <value>7</value>
        <value>1998</value>
      </tuple>
      <tuple>
        <value>15</value>
        <value>7</value>
        <value>1999</value>
      </tuple>
      <tuple>
        <value>15</value>
        <value>7</value>
        <value>2000</value>
      </tuple>
      <tuple>
        <value>15</value>
        <value>7</value>
        <value>2001</value>
      </tuple>
      <tuple>
        <value>15</value>
        <value>7</value>
        <value>2002</value>
      </tuple>
      <tuple>
        <value>15</value>
        <value>7</value>
        <value>2003</value>
      </tuple>
      <tuple>
        <value>16</value>
        <value>6</value>
        <value>2003</value>
      </tuple>
      <tuple>
        <value>16</value>
        <value>7</value>
        <value>1998</value>
      </tuple>
      <tuple>
        <value>16</value>
        <value>7</value>
        <value>1999</value>
      </tuple>
      <tuple>
        <value>16</value>
        <value>7</value>
        <value>2000</value>
      </tuple>
      <tuple>
        <value>16</value>
        <value>7</value>
        <value>2001</value>
      </tuple>
      <tuple>
        <value>16</value>
        <value>7</value>
        <value>2002</value>
      </tuple>
      <tuple>
        <value>17</value>
        <value>7</value>
        <value>1998</value>
      </tuple>
      <tuple>
        <value>17</value>
        <value>7</value>
        <value>1999</value>
      </tuple>
      <tuple>
        <value>17</value>
        <value>7</value>
        <value>2000</value>
      </tuple>
      <tuple>
        <value>17</value>
        <value>7</value>
        <value>2001</value>
      </tuple>
      <tuple>
        <value>17</value>
        <value>7</value>
        <value>2002</value>
      </tuple>
      <tuple>
        <value>17</value>
        <value>7</value>
        <value>2003</value>
      </tuple>
      <tuple>
        <value>18</value>
        <value>7</value>
        <value>1998</value>
      </tuple>
      <tuple>
        <value>18</value>
        <value>7</value>
        <value>1999</value>
      </tuple>
      <tuple>
        <value>18</value>
        <value>7</value>
        <value>2000</value>
      </tuple>
      <tuple>
        <value>18</value>
        <value>7</value>
        <value>2001</value>
      </tuple>
      <tuple>
        <value>18</value>
        <value>7</value>
        <value>2002</value>
      </tuple>
      <tuple>
        <value>18</value>
        <value>7</value>
        <value>2003</value>
      </tuple>
      <tuple>
        <value>19</value>
        <value>7</value>
        <value>1998</value>
      </tuple>
      <tuple>
        <value>19</value>
        <value>7</value>
        <value>1999</value>
      </tuple>
      <tuple>
        <value>19</value>
        <value>7</value>
        <value>2000</value>
      </tuple>
      <tuple>
        <value>19</value>
        <value>7</value>
        <value>2001</value>
      </tuple>
      <tuple>
        <value>19</value>
        <value>7</value>
        <value>2002</value>
      </tuple>
      <tuple>
        <value>19</value>
        <value>7</value>
        <value>2003</value>
      </tuple>
      <tuple>
        <value>20</value>
        <value>7</value>
        <value>1998</value>
      </tuple>
      <tuple>
        <value>20</value>
        <value>7</value>
        <value>1999</value>
      </tuple>
      <tuple>
        <value>20</value>
        <value>7</value>
        <value>2000</value>
      </tuple>
      <tuple>
        <value>20</value>
        <value>7</value>
        <value>2001</value>
      </tuple>
      <tuple>
        <value>20</value>
        <value>7</value>
        <value>2002</value>
      </tuple>
      <tuple>
        <value>20</value>
        <value>7</value>
        <value>2003</value>
      </tuple>
      <tuple>
        <value>21</value>
        <value>6</value>
        <value>2000</value>
      </tuple>
      <tuple>
        <value>21</value>
        <value>7</value>
        <value>1998</value>
      </tuple>
      <tuple>
        <value>21</value>
        <value>7</value>
        <value>1999</value>
      </tuple>
      <tuple>
        <value>21</value>
        <value>7</value>
        <value>2001</value>
      </tuple>
      <tuple>
        <value>21</value>
        <value>7</value>
        <value>2002</value>
      </tuple>
      <tuple>
        <value>21</value>
        <value>7</value>
        <value>2003</value>
      </tuple>
      <tuple>
        <value>22</value>
        <value>7</value>
        <value>1998</value>
      </tuple>
      <tuple>
        <value>22</value>
        <value>7</value>
        <value>1999</value>
      </tuple>
      <tuple>
        <value>22</value>
        <value>7</value>
        <value>2000</value>
      </tuple>
      <tuple>
        <value>22</value>
        <value>7</value>
        <value>2001</value>
      </tuple>
      <tuple>
        <value>22</value>
        <value>7</value>
        <value>2002</value>
      </tuple>
      <tuple>
        <value>22</value>
        <value>7</value>
        <value>2003</value>
      </tuple>
      <tuple>
        <value>23</value>
        <value>7</value>
        <value>1998</value>
      </tuple>
      <tuple>
        <value>23</value>
        <value>7</value>
        <value>1999</value>
      </tuple>
      <tuple>
        <value>23</value>
        <value>7</value>
        <value>2000</value>
      </tuple>
      <tuple>
        <value>23</value>
        <value>7</value>
        <value>2001</value>
      </tuple>
      <tuple>
        <value>23</value>
        <value>7</value>
        <value>2002</value>
      </tuple>
      <tuple>
        <value>23</value>
        <value>7</value>
        <value>2003</value>
      </tuple>
      <tuple>
        <value>24</value>
        <value>7</value>
        <value>1998</value>
      </tuple>
      <tuple>
        <value>24</value>
        <value>7</value>
        <value>1999</value>
      </tuple>
      <tuple>
        <value>24</value>
        <value>7</value>
        <value>2000</value>
      </tuple>
      <tuple>
        <value>24</value>
        <value>7</value>
        <value>2001</value>
      </tuple>
      <tuple>
        <value>24</value>
        <value>7</value>
        <value>2002</value>
      </tuple>
      <tuple>
        <value>24</value>
        <value>7</value>
        <value>2003</value>
      </tuple>
      <tuple>
        <value>25</value>
        <value>7</value>
        <value>1998</value>
      </tuple>
      <tuple>
        <value>25</value>
        <value>7</value>
        <value>1999</value>
      </tuple>
      <tuple>
        <value>25</value>
        <value>7</value>
        <value>2000</value>
      </tuple>
      <tuple>
        <value>25</value>
        <value>7</value>
        <value>2001</value>
      </tuple>
      <tuple>
        <value>25</value>
        <value>7</value>
        <value>2002</value>
      </tuple>
      <tuple>
        <value>25</value>
        <value>7</value>
        <value>2003</value>
      </tuple>
      <tuple>
        <value>26</value>
        <value>6</value>
        <value>2003</value>
      </tuple>
      <tuple>
        <value>26</value>
        <value>7</value>
        <value>1998</value>
      </tuple>
      <tuple>
        <value>26</value>
        <value>7</value>
        <value>1999</value>
      </tuple>
      <tuple>
        <value>26</value>
        <value>7</value>
        <value>2000</value>
      </tuple>
      <tuple>
        <value>26</value>
        <value>7</value>
        <value>2001</value>
      </tuple>
      <tuple>
        <value>26</value>
        <value>7</value>
        <value>2002</value>
      </tuple>
      <tuple>
        <value>27</value>
        <value>7</value>
        <value>1998</value>
      </tuple>
      <tuple>
        <value>27</value>
        <value>7</value>
        <value>1999</value>
      </tuple>
      <tuple>
        <value>27</value>
        <value>7</value>
        <value>2000</value>
      </tuple>
      <tuple>
        <value>27</value>
        <value>7</value>
        <value>2001</value>
      </tuple>
      <tuple>
        <value>27</value>
        <value>7</value>
        <value>2002</value>
      </tuple>
      <tuple>
        <value>27</value>
        <value>7</value>
        <value>2003</value>
      </tuple>
      <tuple>
        <value>28</value>
        <value>7</value>
        <value>1998</value>
      </tuple>
      <tuple>
        <value>28</value>
        <value>7</value>
        <value>1999</value>
      </tuple>
      <tuple>
        <value>28</value>
        <value>7</value>
        <value>2000</value>
      </tuple>
      <tuple>
        <value>28</value>
        <value>7</value>
        <value>2001</value>
      </tuple>
      <tuple>
        <value>28</value>
        <value>7</value>
        <value>2002</value>
      </tuple>
      <tuple>
        <value>28</value>
        <value>7</value>
        <value>2003</value>
      </tuple>
      <tuple>
        <value>29</value>
        <value>7</value>
        <value>1998</value>
      </tuple>
      <tuple>
        <value>29</value>
        <value>7</value>
        <value>1999</value>
      </tuple>
      <tuple>
        <value>29</value>
        <value>7</value>
        <value>2000</value>
      </tuple>
      <tuple>
        <value>29</value>
        <value>7</value>
        <value>2001</value>
      </tuple>
      <tuple>
        <value>29</value>
        <value>7</value>
        <value>2002</value>
      </tuple>
      <tuple>
        <value>29</value>
        <value>7</value>
        <value>2003</value>
      </tuple>
      <tuple>
        <value>30</value>
        <value>7</value>
        <value>1998</value>
      </tuple>
      <tuple>
        <value>30</value>
        <value>7</value>
        <value>1999</value>
      </tuple>
      <tuple>
        <value>30</value>
        <value>7</value>
        <value>2000</value>
      </tuple>
      <tuple>
        <value>30</value>
        <value>7</value>
        <value>2001</value>
      </tuple>
      <tuple>
        <value>30</value>
        <value>7</value>
        <value>2002</value>
      </tuple>
      <tuple>
        <value>30</value>
        <value>7</value>
        <value>2003</value>
      </tuple>
      <tuple>
        <value>31</value>
        <value>7</value>
        <value>1998</value>
      </tuple>
      <tuple>
        <value>31</value>
        <value>7</value>
        <value>1999</value>
      </tuple>
      <tuple>
        <value>31</value>
        <value>7</value>
        <value>2000</value>
      </tuple>
      <tuple>
        <value>31</value>
        <value>7</value>
        <value>2001</value>
      </tuple>
      <tuple>
        <value>31</value>
        <value>7</value>
        <value>2002</value>
      </tuple>
      <tuple>
        <value>31</value>
        <value>7</value>
        <value>2003</value>
      </tuple>
      <tuple>
        <value>32</value>
        <value>7</value>
        <value>1998</value>
      </tuple>
      <tuple>
        <value>32</value>
        <value>7</value>
        <value>1999</value>
      </tuple>
      <tuple>
        <value>32</value>
        <value>7</value>
        <value>2000</value>
      </tuple>
      <tuple>
        <value>32</value>
        <value>7</value>
        <value>2001</value>
      </tuple>
      <tuple>
        <value>32</value>
        <value>7</value>
        <value>2002</value>
      </tuple>
      <tuple>
        <value>32</value>
        <value>7</value>
        <value>2003</value>
      </tuple>
      <tuple>
        <value>33</value>
        <value>7</value>
        <value>1998</value>
      </tuple>
      <tuple>
        <value>33</value>
        <value>7</value>
        <value>1999</value>
      </tuple>
      <tuple>
        <value>33</value>
        <value>7</value>
        <value>2000</value>
      </tuple>
      <tuple>
        <value>33</value>
        <value>7</value>
        <value>2001</value>
      </tuple>
      <tuple>
        <value>33</value>
        <value>7</value>
        <value>2002</value>
      </tuple>
      <tuple>
        <value>33</value>
        <value>7</value>
        <value>2003</value>
      </tuple>
      <tuple>
        <value>34</value>
        <value>7</value>
        <value>1998</value>
      </tuple>
      <tuple>
        <value>34</value>
        <value>7</value>
        <value>1999</value>
      </tuple>
      <tuple>
        <value>34</value>
        <value>7</value>
        <value>2000</value>
      </tuple>
      <tuple>
        <value>34</value>
        <value>7</value>
        <value>2001</value>
      </tuple>
      <tuple>
        <value>34</value>
        <value>7</value>
        <value>2002</value>
      </tuple>
      <tuple>
        <value>34</value>
        <value>7</value>
        <value>2003</value>
      </tuple>
      <tuple>
        <value>35</value>
        <value>6</value>
        <value>1999</value>
      </tuple>
      <tuple>
        <value>35</value>
        <value>7</value>
        <value>1998</value>
      </tuple>
      <tuple>
        <value>35</value>
        <value>7</value>
        <value>2000</value>
      </tuple>
      <tuple>
        <value>35</value>
        <value>7</value>
        <value>2001</value>
      </tuple>
      <tuple>
        <value>35</value>
        <value>7</value>
        <value>2002</value>
      </tuple>
      <tuple>
        <value>35</value>
        <value>7</value>
        <value>2003</value>
      </tuple>
      <tuple>
        <value>36</value>
        <value>6</value>
        <value>1998</value>
      </tuple>
      <tuple>
        <value>36</value>
        <value>6</value>
        <value>2000</value>
      </tuple>
      <tuple>
        <value>36</value>
        <value>6</value>
        <value>2001</value>
      </tuple>
      <tuple>
        <value>36</value>
        <value>6</value>
        <value>2002</value>
      </tuple>
      <tuple>
        <value>36</value>
        <value>6</value>
        <value>2003</value>
      </tuple>
      <tuple>
        <value>36</value>
        <value>7</value>
        <value>1999</value>
      </tuple>
      <tuple>
        <value>37</value>
        <value>7</value>
        <value>1998</value>
      </tuple>
      <tuple>
        <value>37</value>
        <value>7</value>
        <value>1999</value>
      </tuple>
      <tuple>
        <value>37</value>
        <value>7</value>
        <value>2000</value>
      </tuple>
      <tuple>
        <value>37</value>
        <value>7</value>
        <value>2001</value>
      </tuple>
      <tuple>
        <value>37</value>
        <value>7</value>
        <value>2002</value>
      </tuple>
      <tuple>
        <value>37</value>
        <value>7</value>
        <value>2003</value>
      </tuple>
      <tuple>
        <value>38</value>
        <value>7</value>
        <value>1998</value>
      </tuple>
      <tuple>
        <value>38</value>
        <value>7</value>
        <value>1999</value>
      </tuple>
      <tuple>
        <value>38</value>
        <value>7</value>
        <value>2000</value>
      </tuple>
      <tuple>
        <value>38</value>
        <value>7</value>
        <value>2001</value>
      </tuple>
      <tuple>
        <value>38</value>
        <value>7</value>
        <value>2002</value>
      </tuple>
      <tuple>
        <value>38</value>
        <value>7</value>
        <value>2003</value>
      </tuple>
      <tuple>
        <value>39</value>
        <value>7</value>
        <value>1998</value>
      </tuple>
      <tuple>
        <value>39</value>
        <value>7</value>
        <value>1999</value>
      </tuple>
      <tuple>
        <value>39</value>
        <value>7</value>
        <value>2000</value>
      </tuple>
      <tuple>
        <value>39</value>
        <value>7</value>
        <value>2001</value>
      </tuple>
      <tuple>
        <value>39</value>
        <value>7</value>
        <value>2002</value>
      </tuple>
      <tuple>
        <value>39</value>
        <value>7</value>
        <value>2003</value>
      </tuple>
      <tuple>
        <value>40</value>
        <value>7</value>
        <value>1998</value>
      </tuple>
      <tuple>
        <value>40</value>
        <value>7</value>
        <value>1999</value>
      </tuple>
      <tuple>
        <value>40</value>
        <value>7</value>
        <value>2000</value>
      </tuple>
      <tuple>
        <value>40</value>
        <value>7</value>
        <value>2001</value>
      </tuple>
      <tuple>
        <value>40</value>
        <value>7</value>
        <value>2002</value>
      </tuple>
      <tuple>
        <value>40</value>
        <value>7</value>
        <value>2003</value>
      </tuple>
      <tuple>
        <value>41</value>
        <value>7</value>
        <value>1998</value>
      </tuple>
      <tuple>
        <value>41</value>
        <value>7</value>
        <value>1999</value>
      </tuple>
      <tuple>
        <value>41</value>
        <value>7</value>
        <value>2000</value>
      </tuple>
      <tuple>
        <value>41</value>
        <value>7</value>
        <value>2001</value>
      </tuple>
      <tuple>
        <value>41</value>
        <value>7</value>
        <value>2002</value>
      </tuple>
      <tuple>
        <value>41</value>
        <value>7</value>
        <value>2003</value>
      </tuple>
      <tuple>
        <value>42</value>
        <value>7</value>
        <value>1998</value>
      </tuple>
      <tuple>
        <value>42</value>
        <value>7</value>
        <value>1999</value>
      </tuple>
      <tuple>
        <value>42</value>
        <value>7</value>
        <value>2000</value>
      </tuple>
      <tuple>
        <value>42</value>
        <value>7</value>
        <value>2001</value>
      </tuple>
      <tuple>
        <value>42</value>
        <value>7</value>
        <value>2002</value>
      </tuple>
      <tuple>
        <value>42</value>
        <value>7</value>
        <value>2003</value>
      </tuple>
      <tuple>
        <value>43</value>
        <value>7</value>
        <value>1998</value>
      </tuple>
      <tuple>
        <value>43</value>
        <value>7</value>
        <value>1999</value>
      </tuple>
      <tuple>
        <value>43</value>
        <value>7</value>
        <value>2000</value>
      </tuple>
      <tuple>
        <value>43</value>
        <value>7</value>
        <value>2001</value>
      </tuple>
      <tuple>
        <value>43</value>
        <value>7</value>
        <value>2002</value>
      </tuple>
      <tuple>
        <value>43</value>
        <value>7</value>
        <value>2003</value>
      </tuple>
      <tuple>
        <value>44</value>
        <value>7</value>
        <value>1998</value>
      </tuple>
      <tuple>
        <value>44</value>
        <value>7</value>
        <value>1999</value>
      </tuple>
      <tuple>
        <value>44</value>
        <value>7</value>
        <value>2000</value>
      </tuple>
      <tuple>
        <value>44</value>
        <value>7</value>
        <value>2001</value>
      </tuple>
      <tuple>
        <value>44</value>
        <value>7</value>
        <value>2002</value>
      </tuple>
      <tuple>
        <value>44</value>
        <value>7</value>
        <value>2003</value>
      </tuple>
      <tuple>
        <value>45</value>
        <value>3</value>
        <value>2003</value>
      </tuple>
      <tuple>
        <value>45</value>
        <value>4</value>
        <value>1997</value>
      </tuple>
      <tuple>
        <value>45</value>
        <value>7</value>
        <value>1998</value>
      </tuple>
      <tuple>
        <value>45</value>
        <value>7</value>
        <value>1999</value>
      </tuple>
      <tuple>
        <value>45</value>
        <value>7</value>
        <value>2000</value>
      </tuple>
      <tuple>
        <value>45</value>
        <value>7</value>
        <value>2001</value>
      </tuple>
      <tuple>
        <value>45</value>
        <value>7</value>
        <value>2002</value>
      </tuple>
      <tuple>
        <value>46</value>
        <value>7</value>
        <value>1997</value>
      </tuple>
      <tuple>
        <value>46</value>
        <value>7</value>
        <value>1998</value>
      </tuple>
      <tuple>
        <value>46</value>
        <value>7</value>
        <value>1999</value>
      </tuple>
      <tuple>
        <value>46</value>
        <value>7</value>
        <value>2000</value>
      </tuple>
      <tuple>
        <value>46</value>
        <value>7</value>
        <value>2001</value>
      </tuple>
      <tuple>
        <value>46</value>
        <value>7</value>
        <value>2002</value>
      </tuple>
      <tuple>
        <value>47</value>
        <value>7</value>
        <value>1997</value>
      </tuple>
      <tuple>
        <value>47</value>
        <value>7</value>
        <value>1998</value>
      </tuple>
      <tuple>
        <value>47</value>
        <value>7</value>
        <value>1999</value>
      </tuple>
      <tuple>
        <value>47</value>
        <value>7</value>
        <value>2000</value>
      </tuple>
      <tuple>
        <value>47</value>
        <value>7</value>
        <value>2001</value>
      </tuple>
      <tuple>
        <value>47</value>
        <value>7</value>
        <value>2002</value>
      </tuple>
      <tuple>
        <value>48</value>
        <value>7</value>
        <value>1997</value>
      </tuple>
      <tuple>
        <value>48</value>
        <value>7</value>
        <value>1998</value>
      </tuple>
      <tuple>
        <value>48</value>
        <value>7</value>
        <value>1999</value>
      </tuple>
      <tuple>
        <value>48</value>
        <value>7</value>
        <value>2000</value>
      </tuple>
      <tuple>
        <value>48</value>
        <value>7</value>
        <value>2001</value>
      </tuple>
      <tuple>
        <value>48</value>
        <value>7</value>
        <value>2002</value>
      </tuple>
      <tuple>
        <value>49</value>
        <value>7</value>
        <value>1997</value>
      </tuple>
      <tuple>
        <value>49</value>
        <value>7</value>
        <value>1998</value>
      </tuple>
      <tuple>
        <value>49</value>
        <value>7</value>
        <value>1999</value>
      </tuple>
      <tuple>
        <value>49</value>
        <value>7</value>
        <value>2000</value>
      </tuple>
      <tuple>
        <value>49</value>
        <value>7</value>
        <value>2001</value>
      </tuple>
      <tuple>
        <value>49</value>
        <value>7</value>
        <value>2002</value>
      </tuple>
      <tuple>
        <value>50</value>
        <value>7</value>
        <value>1997</value>
      </tuple>
      <tuple>
        <value>50</value>
        <value>7</value>
        <value>1998</value>
      </tuple>
      <tuple>
        <value>50</value>
        <value>7</value>
        <value>1999</value>
      </tuple>
      <tuple>
        <value>50</value>
        <value>7</value>
        <value>2000</value>
      </tuple>
      <tuple>
        <value>50</value>
        <value>7</value>
        <value>2001</value>
      </tuple>
      <tuple>
        <value>50</value>
        <value>7</value>
        <value>2002</value>
      </tuple>
      <tuple>
        <value>51</value>
        <value>7</value>
        <value>1997</value>
      </tuple>
      <tuple>
        <value>51</value>
        <value>7</value>
        <value>1998</value>
      </tuple>
      <tuple>
        <value>51</value>
        <value>7</value>
        <value>1999</value>
      </tuple>
      <tuple>
        <value>51</value>
        <value>7</value>
        <value>2000</value>
      </tuple>
      <tuple>
        <value>51</value>
        <value>7</value>
        <value>2001</value>
      </tuple>
      <tuple>
        <value>51</value>
        <value>7</value>
        <value>2002</value>
      </tuple>
      <tuple>
        <value>52</value>
        <value>7</value>
        <value>1997</value>
      </tuple>
      <tuple>
        <value>52</value>
        <value>7</value>
        <value>1998</value>
      </tuple>
      <tuple>
        <value>52</value>
        <value>7</value>
        <value>1999</value>
      </tuple>
      <tuple>
        <value>52</value>
        <value>7</value>
        <value>2000</value>
      </tuple>
      <tuple>
        <value>52</value>
        <value>7</value>
        <value>2001</value>
      </tuple>
      <tuple>
        <value>52</value>
        <value>7</value>
        <value>2002</value>
      </tuple>
      <tuple>
        <value>53</value>
        <value>1</value>
        <value>1999</value>
      </tuple>
      <tuple>
        <value>53</value>
        <value>2</value>
        <value>2000</value>
      </tuple>
      <tuple>
        <value>53</value>
        <value>4</value>
        <value>2001</value>
      </tuple>
      <tuple>
        <value>53</value>
        <value>5</value>
        <value>2002</value>
      </tuple>
      <tuple>
        <value>53</value>
        <value>6</value>
        <value>1997</value>
      </tuple>
      <tuple>
        <value>53</value>
        <value>7</value>
        <value>1998</value>
      </tuple>
    </table>
  </test>
</results>
