<?xml version='1.0' encoding='utf-8' ?>

<results>
  <test name='D:\dev\data-dev\tableau-tests\tdvt\logicaltests/calcs\setup.BUGS.B59740.postgres91.xml'>
    <table>
      <schema>
        <column>[cast_calcs.postgres91].[Str2 (group)]</column>
      </schema>
      <tuple>
        <value>%null%</value>
      </tuple>
      <tuple>
        <value>&quot;eight&quot;</value>
      </tuple>
      <tuple>
        <value>&quot;eleven&quot;</value>
      </tuple>
      <tuple>
        <value>&quot;two&quot;</value>
      </tuple>
    </table>
  </test>
</results>
