<?xml version='1.0' encoding='utf-8' ?>

<results>
  <test name='D:\dev\data-dev\tableau-tests\tdvt\logicaltests/calcs\setup.Filter.QFilter-minmax-NotNull.postgres91.xml'>
    <table>
      <schema>
        <column>[cast_calcs.postgres91].[key]</column>
        <column>[cast_calcs.postgres91].[sum:int1:ok]</column>
      </schema>
      <tuple>
        <value>&quot;key07&quot;</value>
        <value>2</value>
      </tuple>
    </table>
  </test>
</results>
