<?xml version='1.0' encoding='utf-8' ?>

<results>
  <test name='D:\dev\data-dev\tableau-tests\tdvt\logicaltests/calcs\setup.BUGS.B26728.postgres91.xml'>
    <table>
      <schema>
        <column>[cast_calcs.postgres91].[DayDiffs1 (bin)]</column>
        <column>[cast_calcs.postgres91].[DayDiffs2 (bin)]</column>
        <column>[cast_calcs.postgres91].[DayDiffs3 (bin)]</column>
        <column>[cast_calcs.postgres91].[YearDiffs1 (bin)]</column>
        <column>[cast_calcs.postgres91].[YearDiffs2 (bin)]</column>
        <column>[cast_calcs.postgres91].[YearDiffs3 (bin)]</column>
      </schema>
      <tuple>
        <value>%null%</value>
        <value>%null%</value>
        <value>%null%</value>
        <value>%null%</value>
        <value>%null%</value>
        <value>%null%</value>
      </tuple>
      <tuple>
        <value>-5855</value>
        <value>3903</value>
        <value>-2898</value>
        <value>-16</value>
        <value>10</value>
        <value>-8</value>
      </tuple>
      <tuple>
        <value>-5245</value>
        <value>3497</value>
        <value>-2592</value>
        <value>-14</value>
        <value>9</value>
        <value>-7</value>
      </tuple>
      <tuple>
        <value>-42</value>
        <value>28</value>
        <value>3</value>
        <value>0</value>
        <value>0</value>
        <value>0</value>
      </tuple>
      <tuple>
        <value>-19</value>
        <value>13</value>
        <value>18</value>
        <value>0</value>
        <value>0</value>
        <value>0</value>
      </tuple>
      <tuple>
        <value>-15</value>
        <value>10</value>
        <value>15</value>
        <value>0</value>
        <value>0</value>
        <value>0</value>
      </tuple>
    </table>
  </test>
</results>
