<?xml version='1.0' encoding='utf-8' ?>

<results>
  <test name='D:\dev\data-dev\tableau-tests\tdvt\logicaltests\setup\lod\setup.lod.calc.8. Include.dbo.xml'>
    <table>
      <schema>
        <column>[Staples.lod.sqlserver].[Market Segment]</column>
        <column>[Staples.lod.sqlserver].[sum:Calculation_6390203110846546:ok]</column>
        <column>[Staples.lod.sqlserver].[sum:Sales Total:ok]</column>
      </schema>
      <tuple>
        <value>&quot;CONSUMER&quot;</value>
        <value>19889172.0</value>
        <value>19889172.0</value>
      </tuple>
      <tuple>
        <value>&quot;CORPORATE&quot;</value>
        <value>35593890.0</value>
        <value>35593890.0</value>
      </tuple>
      <tuple>
        <value>&quot;HOME OFFICE&quot;</value>
        <value>24513651.0</value>
        <value>24513651.0</value>
      </tuple>
      <tuple>
        <value>&quot;SMALL BUSINESS&quot;</value>
        <value>18691224.0</value>
        <value>18691224.0</value>
      </tuple>
    </table>
  </test>
</results>
