<?xml version='1.0' encoding='utf-8' ?>

<results>
  <test name='E:\dev\data-dev2\tableau-tests\tdvt\logicaltests\setup\lod\setup.lod.2_Cross Join.bool_.xml'>
    <table>
      <schema>
        <column>[Staples.mysql].[Prod Type2]</column>
        <column>[Staples.mysql].[TEMP(Calculation_5921225003343476)(1510386096)(0)]</column>
        <column>[Staples.mysql].[TEMP(Calculation_5921225003343476)(2532235894)(0)]</column>
        <column>[Staples.mysql].[TEMP(Calculation_5921225003343476)(357447720)(0)]</column>
      </schema>
      <tuple>
        <value>&quot;APPLIANCES&quot;</value>
        <value>5247729.0</value>
        <value>5247729.0</value>
        <value>5247729.0</value>
      </tuple>
      <tuple>
        <value>&quot;BINDERS AND BINDER ACCESSORIES&quot;</value>
        <value>5545569.2</value>
        <value>5545569.2</value>
        <value>5545569.2</value>
      </tuple>
      <tuple>
        <value>&quot;BOOKCASES&quot;</value>
        <value>5257672.7</value>
        <value>5257672.7</value>
        <value>5257672.7</value>
      </tuple>
      <tuple>
        <value>&quot;CHAIRS &amp; CHAIRMATS&quot;</value>
        <value>10497117.0</value>
        <value>10497117.0</value>
        <value>10497117.0</value>
      </tuple>
      <tuple>
        <value>&quot;COMPUTER PERIPHERALS&quot;</value>
        <value>5278781.7</value>
        <value>5278781.7</value>
        <value>5278781.7</value>
      </tuple>
      <tuple>
        <value>&quot;COPIERS AND FAX&quot;</value>
        <value>6776923.3</value>
        <value>6776923.3</value>
        <value>6776923.3</value>
      </tuple>
      <tuple>
        <value>&quot;ENVELOPES&quot;</value>
        <value>858634.48</value>
        <value>858634.48</value>
        <value>858634.48</value>
      </tuple>
      <tuple>
        <value>&quot;LABELS&quot;</value>
        <value>400169.21</value>
        <value>400169.21</value>
        <value>400169.21</value>
      </tuple>
      <tuple>
        <value>&quot;OFFICE FURNISHINGS&quot;</value>
        <value>3999749.9</value>
        <value>3999749.9</value>
        <value>3999749.9</value>
      </tuple>
      <tuple>
        <value>&quot;OFFICE MACHINES&quot;</value>
        <value>15099693.0</value>
        <value>15099693.0</value>
        <value>15099693.0</value>
      </tuple>
      <tuple>
        <value>&quot;PAPER&quot;</value>
        <value>3098545.7</value>
        <value>3098545.7</value>
        <value>3098545.7</value>
      </tuple>
      <tuple>
        <value>&quot;PENS &amp; ART SUPPLIES&quot;</value>
        <value>1209942.5</value>
        <value>1209942.5</value>
        <value>1209942.5</value>
      </tuple>
      <tuple>
        <value>&quot;RUBBER BANDS&quot;</value>
        <value>95324.04</value>
        <value>95324.04</value>
        <value>95324.04</value>
      </tuple>
      <tuple>
        <value>&quot;SCISSORS, RULERS AND TRIMMERS&quot;</value>
        <value>1072184.3</value>
        <value>1072184.3</value>
        <value>1072184.3</value>
      </tuple>
      <tuple>
        <value>&quot;STORAGE &amp; ORGANIZATION&quot;</value>
        <value>6486641.5</value>
        <value>6486641.5</value>
        <value>6486641.5</value>
      </tuple>
      <tuple>
        <value>&quot;TABLES&quot;</value>
        <value>14254546.0</value>
        <value>14254546.0</value>
        <value>14254546.0</value>
      </tuple>
      <tuple>
        <value>&quot;TELEPHONES AND COMMUNICATION&quot;</value>
        <value>13508713.0</value>
        <value>13508713.0</value>
        <value>13508713.0</value>
      </tuple>
    </table>
  </test>
</results>
