<?xml version='1.0' encoding='utf-8' ?>

<results>
  <test name='E:\dev\data-dev2\tableau-tests\tdvt\logicaltests\setup\lod\setup.lod.15_As Bin.dbo.xml'>
    <table>
      <schema>
        <column>[Staples.sqlserver].[LOD - Fixed - 1 (bin)]</column>
        <column>[Staples.sqlserver].[sum:Sales Total:ok]</column>
      </schema>
      <tuple>
        <value>11</value>
        <value>38580396.0</value>
      </tuple>
      <tuple>
        <value>14</value>
        <value>24513651.0</value>
      </tuple>
      <tuple>
        <value>21</value>
        <value>35593890.0</value>
      </tuple>
    </table>
  </test>
</results>
