<?xml version='1.0' encoding='utf-8' ?>

<results>
  <test name='E:\dev\data-dev2\tableau-tests\tdvt\logicaltests\setup\lod\setup.lod.5_Subset Fixed - 2.dbo.xml'>
    <table>
      <schema>
        <column>[Staples.sqlserver].[Market Segment]</column>
        <column>[Staples.sqlserver].[Prod Type2]</column>
        <column>[Staples.sqlserver].[avg:LOD - Fixed - 1 (copy):ok]</column>
      </schema>
      <tuple>
        <value>&quot;CONSUMER&quot;</value>
        <value>&quot;APPLIANCES&quot;</value>
        <value>1554.89</value>
      </tuple>
      <tuple>
        <value>&quot;CONSUMER&quot;</value>
        <value>&quot;BINDERS AND BINDER ACCESSORIES&quot;</value>
        <value>2181.58</value>
      </tuple>
      <tuple>
        <value>&quot;CONSUMER&quot;</value>
        <value>&quot;BOOKCASES&quot;</value>
        <value>882.51</value>
      </tuple>
      <tuple>
        <value>&quot;CONSUMER&quot;</value>
        <value>&quot;CHAIRS &amp; CHAIRMATS&quot;</value>
        <value>1530.77</value>
      </tuple>
      <tuple>
        <value>&quot;CONSUMER&quot;</value>
        <value>&quot;COMPUTER PERIPHERALS&quot;</value>
        <value>2990.1</value>
      </tuple>
      <tuple>
        <value>&quot;CONSUMER&quot;</value>
        <value>&quot;COPIERS AND FAX&quot;</value>
        <value>235.78</value>
      </tuple>
      <tuple>
        <value>&quot;CONSUMER&quot;</value>
        <value>&quot;ENVELOPES&quot;</value>
        <value>556.68</value>
      </tuple>
      <tuple>
        <value>&quot;CONSUMER&quot;</value>
        <value>&quot;LABELS&quot;</value>
        <value>759.24</value>
      </tuple>
      <tuple>
        <value>&quot;CONSUMER&quot;</value>
        <value>&quot;OFFICE FURNISHINGS&quot;</value>
        <value>2726.96</value>
      </tuple>
      <tuple>
        <value>&quot;CONSUMER&quot;</value>
        <value>&quot;OFFICE MACHINES&quot;</value>
        <value>1063.25</value>
      </tuple>
      <tuple>
        <value>&quot;CONSUMER&quot;</value>
        <value>&quot;PAPER&quot;</value>
        <value>2955.39</value>
      </tuple>
      <tuple>
        <value>&quot;CONSUMER&quot;</value>
        <value>&quot;PENS &amp; ART SUPPLIES&quot;</value>
        <value>2443.31</value>
      </tuple>
      <tuple>
        <value>&quot;CONSUMER&quot;</value>
        <value>&quot;RUBBER BANDS&quot;</value>
        <value>552.35</value>
      </tuple>
      <tuple>
        <value>&quot;CONSUMER&quot;</value>
        <value>&quot;SCISSORS, RULERS AND TRIMMERS&quot;</value>
        <value>675.92</value>
      </tuple>
      <tuple>
        <value>&quot;CONSUMER&quot;</value>
        <value>&quot;STORAGE &amp; ORGANIZATION&quot;</value>
        <value>2484.99</value>
      </tuple>
      <tuple>
        <value>&quot;CONSUMER&quot;</value>
        <value>&quot;TABLES&quot;</value>
        <value>1653.79</value>
      </tuple>
      <tuple>
        <value>&quot;CONSUMER&quot;</value>
        <value>&quot;TELEPHONES AND COMMUNICATION&quot;</value>
        <value>3030.81</value>
      </tuple>
      <tuple>
        <value>&quot;CORPORATE&quot;</value>
        <value>&quot;APPLIANCES&quot;</value>
        <value>1554.89</value>
      </tuple>
      <tuple>
        <value>&quot;CORPORATE&quot;</value>
        <value>&quot;BINDERS AND BINDER ACCESSORIES&quot;</value>
        <value>2181.58</value>
      </tuple>
      <tuple>
        <value>&quot;CORPORATE&quot;</value>
        <value>&quot;BOOKCASES&quot;</value>
        <value>882.51</value>
      </tuple>
      <tuple>
        <value>&quot;CORPORATE&quot;</value>
        <value>&quot;CHAIRS &amp; CHAIRMATS&quot;</value>
        <value>1530.77</value>
      </tuple>
      <tuple>
        <value>&quot;CORPORATE&quot;</value>
        <value>&quot;COMPUTER PERIPHERALS&quot;</value>
        <value>2990.1</value>
      </tuple>
      <tuple>
        <value>&quot;CORPORATE&quot;</value>
        <value>&quot;COPIERS AND FAX&quot;</value>
        <value>235.78</value>
      </tuple>
      <tuple>
        <value>&quot;CORPORATE&quot;</value>
        <value>&quot;ENVELOPES&quot;</value>
        <value>556.68</value>
      </tuple>
      <tuple>
        <value>&quot;CORPORATE&quot;</value>
        <value>&quot;LABELS&quot;</value>
        <value>759.24</value>
      </tuple>
      <tuple>
        <value>&quot;CORPORATE&quot;</value>
        <value>&quot;OFFICE FURNISHINGS&quot;</value>
        <value>2726.96</value>
      </tuple>
      <tuple>
        <value>&quot;CORPORATE&quot;</value>
        <value>&quot;OFFICE MACHINES&quot;</value>
        <value>1063.25</value>
      </tuple>
      <tuple>
        <value>&quot;CORPORATE&quot;</value>
        <value>&quot;PAPER&quot;</value>
        <value>2955.39</value>
      </tuple>
      <tuple>
        <value>&quot;CORPORATE&quot;</value>
        <value>&quot;PENS &amp; ART SUPPLIES&quot;</value>
        <value>2443.31</value>
      </tuple>
      <tuple>
        <value>&quot;CORPORATE&quot;</value>
        <value>&quot;RUBBER BANDS&quot;</value>
        <value>552.35</value>
      </tuple>
      <tuple>
        <value>&quot;CORPORATE&quot;</value>
        <value>&quot;SCISSORS, RULERS AND TRIMMERS&quot;</value>
        <value>675.92</value>
      </tuple>
      <tuple>
        <value>&quot;CORPORATE&quot;</value>
        <value>&quot;STORAGE &amp; ORGANIZATION&quot;</value>
        <value>2484.99</value>
      </tuple>
      <tuple>
        <value>&quot;CORPORATE&quot;</value>
        <value>&quot;TABLES&quot;</value>
        <value>1653.79</value>
      </tuple>
      <tuple>
        <value>&quot;CORPORATE&quot;</value>
        <value>&quot;TELEPHONES AND COMMUNICATION&quot;</value>
        <value>3030.81</value>
      </tuple>
      <tuple>
        <value>&quot;HOME OFFICE&quot;</value>
        <value>&quot;APPLIANCES&quot;</value>
        <value>1554.89</value>
      </tuple>
      <tuple>
        <value>&quot;HOME OFFICE&quot;</value>
        <value>&quot;BINDERS AND BINDER ACCESSORIES&quot;</value>
        <value>2181.58</value>
      </tuple>
      <tuple>
        <value>&quot;HOME OFFICE&quot;</value>
        <value>&quot;BOOKCASES&quot;</value>
        <value>882.51</value>
      </tuple>
      <tuple>
        <value>&quot;HOME OFFICE&quot;</value>
        <value>&quot;CHAIRS &amp; CHAIRMATS&quot;</value>
        <value>1530.77</value>
      </tuple>
      <tuple>
        <value>&quot;HOME OFFICE&quot;</value>
        <value>&quot;COMPUTER PERIPHERALS&quot;</value>
        <value>2990.1</value>
      </tuple>
      <tuple>
        <value>&quot;HOME OFFICE&quot;</value>
        <value>&quot;COPIERS AND FAX&quot;</value>
        <value>235.78</value>
      </tuple>
      <tuple>
        <value>&quot;HOME OFFICE&quot;</value>
        <value>&quot;ENVELOPES&quot;</value>
        <value>556.68</value>
      </tuple>
      <tuple>
        <value>&quot;HOME OFFICE&quot;</value>
        <value>&quot;LABELS&quot;</value>
        <value>759.24</value>
      </tuple>
      <tuple>
        <value>&quot;HOME OFFICE&quot;</value>
        <value>&quot;OFFICE FURNISHINGS&quot;</value>
        <value>2726.96</value>
      </tuple>
      <tuple>
        <value>&quot;HOME OFFICE&quot;</value>
        <value>&quot;OFFICE MACHINES&quot;</value>
        <value>1063.25</value>
      </tuple>
      <tuple>
        <value>&quot;HOME OFFICE&quot;</value>
        <value>&quot;PAPER&quot;</value>
        <value>2955.39</value>
      </tuple>
      <tuple>
        <value>&quot;HOME OFFICE&quot;</value>
        <value>&quot;PENS &amp; ART SUPPLIES&quot;</value>
        <value>2443.31</value>
      </tuple>
      <tuple>
        <value>&quot;HOME OFFICE&quot;</value>
        <value>&quot;RUBBER BANDS&quot;</value>
        <value>552.35</value>
      </tuple>
      <tuple>
        <value>&quot;HOME OFFICE&quot;</value>
        <value>&quot;SCISSORS, RULERS AND TRIMMERS&quot;</value>
        <value>675.92</value>
      </tuple>
      <tuple>
        <value>&quot;HOME OFFICE&quot;</value>
        <value>&quot;STORAGE &amp; ORGANIZATION&quot;</value>
        <value>2484.99</value>
      </tuple>
      <tuple>
        <value>&quot;HOME OFFICE&quot;</value>
        <value>&quot;TABLES&quot;</value>
        <value>1653.79</value>
      </tuple>
      <tuple>
        <value>&quot;HOME OFFICE&quot;</value>
        <value>&quot;TELEPHONES AND COMMUNICATION&quot;</value>
        <value>3030.81</value>
      </tuple>
      <tuple>
        <value>&quot;SMALL BUSINESS&quot;</value>
        <value>&quot;APPLIANCES&quot;</value>
        <value>1554.89</value>
      </tuple>
      <tuple>
        <value>&quot;SMALL BUSINESS&quot;</value>
        <value>&quot;BINDERS AND BINDER ACCESSORIES&quot;</value>
        <value>2181.58</value>
      </tuple>
      <tuple>
        <value>&quot;SMALL BUSINESS&quot;</value>
        <value>&quot;BOOKCASES&quot;</value>
        <value>882.51</value>
      </tuple>
      <tuple>
        <value>&quot;SMALL BUSINESS&quot;</value>
        <value>&quot;CHAIRS &amp; CHAIRMATS&quot;</value>
        <value>1530.77</value>
      </tuple>
      <tuple>
        <value>&quot;SMALL BUSINESS&quot;</value>
        <value>&quot;COMPUTER PERIPHERALS&quot;</value>
        <value>2990.1</value>
      </tuple>
      <tuple>
        <value>&quot;SMALL BUSINESS&quot;</value>
        <value>&quot;COPIERS AND FAX&quot;</value>
        <value>235.78</value>
      </tuple>
      <tuple>
        <value>&quot;SMALL BUSINESS&quot;</value>
        <value>&quot;ENVELOPES&quot;</value>
        <value>556.68</value>
      </tuple>
      <tuple>
        <value>&quot;SMALL BUSINESS&quot;</value>
        <value>&quot;LABELS&quot;</value>
        <value>759.24</value>
      </tuple>
      <tuple>
        <value>&quot;SMALL BUSINESS&quot;</value>
        <value>&quot;OFFICE FURNISHINGS&quot;</value>
        <value>2726.96</value>
      </tuple>
      <tuple>
        <value>&quot;SMALL BUSINESS&quot;</value>
        <value>&quot;OFFICE MACHINES&quot;</value>
        <value>1063.25</value>
      </tuple>
      <tuple>
        <value>&quot;SMALL BUSINESS&quot;</value>
        <value>&quot;PAPER&quot;</value>
        <value>2955.39</value>
      </tuple>
      <tuple>
        <value>&quot;SMALL BUSINESS&quot;</value>
        <value>&quot;PENS &amp; ART SUPPLIES&quot;</value>
        <value>2443.31</value>
      </tuple>
      <tuple>
        <value>&quot;SMALL BUSINESS&quot;</value>
        <value>&quot;RUBBER BANDS&quot;</value>
        <value>552.35</value>
      </tuple>
      <tuple>
        <value>&quot;SMALL BUSINESS&quot;</value>
        <value>&quot;SCISSORS, RULERS AND TRIMMERS&quot;</value>
        <value>675.92</value>
      </tuple>
      <tuple>
        <value>&quot;SMALL BUSINESS&quot;</value>
        <value>&quot;STORAGE &amp; ORGANIZATION&quot;</value>
        <value>2484.99</value>
      </tuple>
      <tuple>
        <value>&quot;SMALL BUSINESS&quot;</value>
        <value>&quot;TABLES&quot;</value>
        <value>1653.79</value>
      </tuple>
      <tuple>
        <value>&quot;SMALL BUSINESS&quot;</value>
        <value>&quot;TELEPHONES AND COMMUNICATION&quot;</value>
        <value>3030.81</value>
      </tuple>
    </table>
  </test>
</results>
