<?xml version='1.0' encoding='utf-8' ?>

<results>
  <test name='E:\dev\data-dev2\tableau-tests\tdvt\logicaltests\setup\lod\setup.lod.4_Subset Fixed.dbo.xml'>
    <table>
      <schema>
        <column>[Staples.sqlserver].[Market Segment]</column>
        <column>[Staples.sqlserver].[Prod Type2]</column>
        <column>[Staples.sqlserver].[sum:Calculation_4501225003531668:ok]</column>
      </schema>
      <tuple>
        <value>&quot;CONSUMER&quot;</value>
        <value>&quot;APPLIANCES&quot;</value>
        <value>5570.93</value>
      </tuple>
      <tuple>
        <value>&quot;CONSUMER&quot;</value>
        <value>&quot;BINDERS AND BINDER ACCESSORIES&quot;</value>
        <value>5570.93</value>
      </tuple>
      <tuple>
        <value>&quot;CONSUMER&quot;</value>
        <value>&quot;BOOKCASES&quot;</value>
        <value>5570.93</value>
      </tuple>
      <tuple>
        <value>&quot;CONSUMER&quot;</value>
        <value>&quot;CHAIRS &amp; CHAIRMATS&quot;</value>
        <value>5570.93</value>
      </tuple>
      <tuple>
        <value>&quot;CONSUMER&quot;</value>
        <value>&quot;COMPUTER PERIPHERALS&quot;</value>
        <value>5570.93</value>
      </tuple>
      <tuple>
        <value>&quot;CONSUMER&quot;</value>
        <value>&quot;COPIERS AND FAX&quot;</value>
        <value>5570.93</value>
      </tuple>
      <tuple>
        <value>&quot;CONSUMER&quot;</value>
        <value>&quot;ENVELOPES&quot;</value>
        <value>5570.93</value>
      </tuple>
      <tuple>
        <value>&quot;CONSUMER&quot;</value>
        <value>&quot;LABELS&quot;</value>
        <value>5570.93</value>
      </tuple>
      <tuple>
        <value>&quot;CONSUMER&quot;</value>
        <value>&quot;OFFICE FURNISHINGS&quot;</value>
        <value>5570.93</value>
      </tuple>
      <tuple>
        <value>&quot;CONSUMER&quot;</value>
        <value>&quot;OFFICE MACHINES&quot;</value>
        <value>5570.93</value>
      </tuple>
      <tuple>
        <value>&quot;CONSUMER&quot;</value>
        <value>&quot;PAPER&quot;</value>
        <value>5570.93</value>
      </tuple>
      <tuple>
        <value>&quot;CONSUMER&quot;</value>
        <value>&quot;PENS &amp; ART SUPPLIES&quot;</value>
        <value>5570.93</value>
      </tuple>
      <tuple>
        <value>&quot;CONSUMER&quot;</value>
        <value>&quot;RUBBER BANDS&quot;</value>
        <value>5570.93</value>
      </tuple>
      <tuple>
        <value>&quot;CONSUMER&quot;</value>
        <value>&quot;SCISSORS, RULERS AND TRIMMERS&quot;</value>
        <value>5570.93</value>
      </tuple>
      <tuple>
        <value>&quot;CONSUMER&quot;</value>
        <value>&quot;STORAGE &amp; ORGANIZATION&quot;</value>
        <value>5570.93</value>
      </tuple>
      <tuple>
        <value>&quot;CONSUMER&quot;</value>
        <value>&quot;TABLES&quot;</value>
        <value>5570.93</value>
      </tuple>
      <tuple>
        <value>&quot;CONSUMER&quot;</value>
        <value>&quot;TELEPHONES AND COMMUNICATION&quot;</value>
        <value>5570.93</value>
      </tuple>
      <tuple>
        <value>&quot;CORPORATE&quot;</value>
        <value>&quot;APPLIANCES&quot;</value>
        <value>10204.72</value>
      </tuple>
      <tuple>
        <value>&quot;CORPORATE&quot;</value>
        <value>&quot;BINDERS AND BINDER ACCESSORIES&quot;</value>
        <value>10204.72</value>
      </tuple>
      <tuple>
        <value>&quot;CORPORATE&quot;</value>
        <value>&quot;BOOKCASES&quot;</value>
        <value>10204.72</value>
      </tuple>
      <tuple>
        <value>&quot;CORPORATE&quot;</value>
        <value>&quot;CHAIRS &amp; CHAIRMATS&quot;</value>
        <value>10204.72</value>
      </tuple>
      <tuple>
        <value>&quot;CORPORATE&quot;</value>
        <value>&quot;COMPUTER PERIPHERALS&quot;</value>
        <value>10204.72</value>
      </tuple>
      <tuple>
        <value>&quot;CORPORATE&quot;</value>
        <value>&quot;COPIERS AND FAX&quot;</value>
        <value>10204.72</value>
      </tuple>
      <tuple>
        <value>&quot;CORPORATE&quot;</value>
        <value>&quot;ENVELOPES&quot;</value>
        <value>10204.72</value>
      </tuple>
      <tuple>
        <value>&quot;CORPORATE&quot;</value>
        <value>&quot;LABELS&quot;</value>
        <value>10204.72</value>
      </tuple>
      <tuple>
        <value>&quot;CORPORATE&quot;</value>
        <value>&quot;OFFICE FURNISHINGS&quot;</value>
        <value>10204.72</value>
      </tuple>
      <tuple>
        <value>&quot;CORPORATE&quot;</value>
        <value>&quot;OFFICE MACHINES&quot;</value>
        <value>10204.72</value>
      </tuple>
      <tuple>
        <value>&quot;CORPORATE&quot;</value>
        <value>&quot;PAPER&quot;</value>
        <value>10204.72</value>
      </tuple>
      <tuple>
        <value>&quot;CORPORATE&quot;</value>
        <value>&quot;PENS &amp; ART SUPPLIES&quot;</value>
        <value>10204.72</value>
      </tuple>
      <tuple>
        <value>&quot;CORPORATE&quot;</value>
        <value>&quot;RUBBER BANDS&quot;</value>
        <value>10204.72</value>
      </tuple>
      <tuple>
        <value>&quot;CORPORATE&quot;</value>
        <value>&quot;SCISSORS, RULERS AND TRIMMERS&quot;</value>
        <value>10204.72</value>
      </tuple>
      <tuple>
        <value>&quot;CORPORATE&quot;</value>
        <value>&quot;STORAGE &amp; ORGANIZATION&quot;</value>
        <value>10204.72</value>
      </tuple>
      <tuple>
        <value>&quot;CORPORATE&quot;</value>
        <value>&quot;TABLES&quot;</value>
        <value>10204.72</value>
      </tuple>
      <tuple>
        <value>&quot;CORPORATE&quot;</value>
        <value>&quot;TELEPHONES AND COMMUNICATION&quot;</value>
        <value>10204.72</value>
      </tuple>
      <tuple>
        <value>&quot;HOME OFFICE&quot;</value>
        <value>&quot;APPLIANCES&quot;</value>
        <value>7062.18</value>
      </tuple>
      <tuple>
        <value>&quot;HOME OFFICE&quot;</value>
        <value>&quot;BINDERS AND BINDER ACCESSORIES&quot;</value>
        <value>7062.18</value>
      </tuple>
      <tuple>
        <value>&quot;HOME OFFICE&quot;</value>
        <value>&quot;BOOKCASES&quot;</value>
        <value>7062.18</value>
      </tuple>
      <tuple>
        <value>&quot;HOME OFFICE&quot;</value>
        <value>&quot;CHAIRS &amp; CHAIRMATS&quot;</value>
        <value>7062.18</value>
      </tuple>
      <tuple>
        <value>&quot;HOME OFFICE&quot;</value>
        <value>&quot;COMPUTER PERIPHERALS&quot;</value>
        <value>7062.18</value>
      </tuple>
      <tuple>
        <value>&quot;HOME OFFICE&quot;</value>
        <value>&quot;COPIERS AND FAX&quot;</value>
        <value>7062.18</value>
      </tuple>
      <tuple>
        <value>&quot;HOME OFFICE&quot;</value>
        <value>&quot;ENVELOPES&quot;</value>
        <value>7062.18</value>
      </tuple>
      <tuple>
        <value>&quot;HOME OFFICE&quot;</value>
        <value>&quot;LABELS&quot;</value>
        <value>7062.18</value>
      </tuple>
      <tuple>
        <value>&quot;HOME OFFICE&quot;</value>
        <value>&quot;OFFICE FURNISHINGS&quot;</value>
        <value>7062.18</value>
      </tuple>
      <tuple>
        <value>&quot;HOME OFFICE&quot;</value>
        <value>&quot;OFFICE MACHINES&quot;</value>
        <value>7062.18</value>
      </tuple>
      <tuple>
        <value>&quot;HOME OFFICE&quot;</value>
        <value>&quot;PAPER&quot;</value>
        <value>7062.18</value>
      </tuple>
      <tuple>
        <value>&quot;HOME OFFICE&quot;</value>
        <value>&quot;PENS &amp; ART SUPPLIES&quot;</value>
        <value>7062.18</value>
      </tuple>
      <tuple>
        <value>&quot;HOME OFFICE&quot;</value>
        <value>&quot;RUBBER BANDS&quot;</value>
        <value>7062.18</value>
      </tuple>
      <tuple>
        <value>&quot;HOME OFFICE&quot;</value>
        <value>&quot;SCISSORS, RULERS AND TRIMMERS&quot;</value>
        <value>7062.18</value>
      </tuple>
      <tuple>
        <value>&quot;HOME OFFICE&quot;</value>
        <value>&quot;STORAGE &amp; ORGANIZATION&quot;</value>
        <value>7062.18</value>
      </tuple>
      <tuple>
        <value>&quot;HOME OFFICE&quot;</value>
        <value>&quot;TABLES&quot;</value>
        <value>7062.18</value>
      </tuple>
      <tuple>
        <value>&quot;HOME OFFICE&quot;</value>
        <value>&quot;TELEPHONES AND COMMUNICATION&quot;</value>
        <value>7062.18</value>
      </tuple>
      <tuple>
        <value>&quot;SMALL BUSINESS&quot;</value>
        <value>&quot;APPLIANCES&quot;</value>
        <value>5440.49</value>
      </tuple>
      <tuple>
        <value>&quot;SMALL BUSINESS&quot;</value>
        <value>&quot;BINDERS AND BINDER ACCESSORIES&quot;</value>
        <value>5440.49</value>
      </tuple>
      <tuple>
        <value>&quot;SMALL BUSINESS&quot;</value>
        <value>&quot;BOOKCASES&quot;</value>
        <value>5440.49</value>
      </tuple>
      <tuple>
        <value>&quot;SMALL BUSINESS&quot;</value>
        <value>&quot;CHAIRS &amp; CHAIRMATS&quot;</value>
        <value>5440.49</value>
      </tuple>
      <tuple>
        <value>&quot;SMALL BUSINESS&quot;</value>
        <value>&quot;COMPUTER PERIPHERALS&quot;</value>
        <value>5440.49</value>
      </tuple>
      <tuple>
        <value>&quot;SMALL BUSINESS&quot;</value>
        <value>&quot;COPIERS AND FAX&quot;</value>
        <value>5440.49</value>
      </tuple>
      <tuple>
        <value>&quot;SMALL BUSINESS&quot;</value>
        <value>&quot;ENVELOPES&quot;</value>
        <value>5440.49</value>
      </tuple>
      <tuple>
        <value>&quot;SMALL BUSINESS&quot;</value>
        <value>&quot;LABELS&quot;</value>
        <value>5440.49</value>
      </tuple>
      <tuple>
        <value>&quot;SMALL BUSINESS&quot;</value>
        <value>&quot;OFFICE FURNISHINGS&quot;</value>
        <value>5440.49</value>
      </tuple>
      <tuple>
        <value>&quot;SMALL BUSINESS&quot;</value>
        <value>&quot;OFFICE MACHINES&quot;</value>
        <value>5440.49</value>
      </tuple>
      <tuple>
        <value>&quot;SMALL BUSINESS&quot;</value>
        <value>&quot;PAPER&quot;</value>
        <value>5440.49</value>
      </tuple>
      <tuple>
        <value>&quot;SMALL BUSINESS&quot;</value>
        <value>&quot;PENS &amp; ART SUPPLIES&quot;</value>
        <value>5440.49</value>
      </tuple>
      <tuple>
        <value>&quot;SMALL BUSINESS&quot;</value>
        <value>&quot;RUBBER BANDS&quot;</value>
        <value>5440.49</value>
      </tuple>
      <tuple>
        <value>&quot;SMALL BUSINESS&quot;</value>
        <value>&quot;SCISSORS, RULERS AND TRIMMERS&quot;</value>
        <value>5440.49</value>
      </tuple>
      <tuple>
        <value>&quot;SMALL BUSINESS&quot;</value>
        <value>&quot;STORAGE &amp; ORGANIZATION&quot;</value>
        <value>5440.49</value>
      </tuple>
      <tuple>
        <value>&quot;SMALL BUSINESS&quot;</value>
        <value>&quot;TABLES&quot;</value>
        <value>5440.49</value>
      </tuple>
      <tuple>
        <value>&quot;SMALL BUSINESS&quot;</value>
        <value>&quot;TELEPHONES AND COMMUNICATION&quot;</value>
        <value>5440.49</value>
      </tuple>
    </table>
  </test>
</results>
